181
-1 unused
0  VehDef\f16.veh
0  VehDef\b52.veh
1  VehDef\tank.veh
2  VehDef\helo.veh
1  VehDef\truck.veh
3  VehDef\missile.veh
3  VehDef\Rcktxxx.veh
3  VehDef\bomb.veh
4  VehDef\ship.veh
4  VehDef\sub.veh
4  VehDef\torpedo.veh
4  VehDef\dpthchrg,veh
1  VehDef\foot.veh
3  VehDef\20mm.veh
3  VehDef\AGM45.veh
3  VehDef\AGM65a.veh
3  VehDef\AGM65b.veh
3  VehDef\AGM65d.veh
3  VehDef\AGM65g.veh
3  VehDef\AGM88.veh
3  VehDef\aim9p.veh
3  VehDef\aim120.veh
3  VehDef\ALQ131.veh
3  VehDef\GBU24.veh
3  VehDef\Mk82.veh
3  VehDef\Mk84.veh
3  VehDef\Sam.veh
3  VehDef\Tank300.veh
3  VehDef\Tank370.veh
3  VehDef\Tank600.veh
3  VehDef\AGMxxx.veh
3  VehDef\aimxxx.veh
3  VehDef\ALQxxx.veh
3  VehDef\GBUxxx.veh
3  VehDef\GunXXX.veh
3  VehDef\Mkxxx.veh
3  VehDef\Tankxxx.veh
0  vehdef\f16.veh
0  vehdef\tu16.veh
0  vehdef\an2.veh
0  vehdef\kc10.veh
0  vehdef\mig29.veh
0  vehdef\mig19.veh
0  vehdef\su27.veh
2  vehdef\ah64.veh
3  VehDef\aim7.veh
3  VehDef\gb10.veh
3  VehDef\gb15.veh
3  VehDef\gb28.veh
3  VehDef\gb12.veh
3  VehDef\aim9m.veh
3  VehDef\camera.veh
0  vehdef\mig21.veh
0  vehdef\f14.veh
0  vehdef\f15.veh
0  vehdef\f18.veh
0  vehdef\f4.veh
0  vehdef\f5.veh
0  vehdef\su25.veh
0  vehdef\mig23.veh
0  vehdef\mig25.veh
0  vehdef\mig27.veh
0  vehdef\mig31.veh
0  vehdef\a10.veh
0  vehdef\c130.veh
0  vehdef\f111.veh
3  VehDef\AGM84.veh
3  VehDef\aim54.veh
3  VehDef\aa7.veh
3  VehDef\aa7r.veh
3  VehDef\aa9.veh
3  VehDef\aa10b.veh
3  VehDef\aa10a.veh
3  VehDef\aa11.veh
3  VehDef\sa2.veh
3  VehDef\sa3.veh
3  VehDef\sa4.veh
3  VehDef\sa5.veh
3  VehDef\sa6.veh
3  VehDef\sa7.veh
3  VehDef\sa8.veh
3  VehDef\sa9.veh
3  VehDef\sa13.veh
3  VehDef\sa14.veh
3  VehDef\sa15.veh
3  VehDef\chunma.veh
3  VehDef\patriot.veh
3  VehDef\stinger.veh
3  VehDef\hawk.veh
3  VehDef\nike.veh
3  VehDef\adats.veh
3  VehDef\aa1.veh
3  VehDef\aa2r.veh
3  VehDef\as10.veh
3  VehDef\as11.veh
3  VehDef\as14.veh
3  VehDef\ATGM.veh
3  VehDef\aa2.veh
3  VehDef\aa12.veh
3  VehDef\aa8.veh
3  VehDef\aa6r.veh
3  VehDef\aa6.veh
3  VehDef\sa19.veh
3  VehDef\as7.veh
3  VehDef\as12.veh
3  VehDef\LAAW.veh
3  VehDef\aa10c.veh
3  VehDef\hn5a.veh
3  VehDef\hllfre.veh
3  VehDef\at6.veh
3  VehDef\Srbtsy.veh
3  VehDef\pl7.veh
3  VehDef\pl8.veh
3  VehDef\as17.veh
3  VehDef\mistral.veh
3  VehDef\sa10.veh
3  VehDef\sa16.veh
3  VehDef\as18.veh
3  VehDef\agm142.veh
3  VehDef\agm130.veh
3  VehDef\s24.veh
3  VehDef\sm2rm.veh
3  VehDef\rim7.veh
3  VehDef\san9.veh
3  VehDef\aim9x.veh
3  VehDef\python4.veh
3  VehDef\s5.veh
3  VehDef\gbu31.veh
3  VehDef\gbu32.veh
3  VehDef\gbu34.veh
3  VehDef\gbu35.veh
3  VehDef\gbu36.veh
3  VehDef\gbu37.veh
3  VehDef\jsow.veh
3  VehDef\agm62.veh
3  VehDef\agm78.veh
3  VehDef\agm123.veh
3  VehDef\aa10d.veh
3  VehDef\aim9b.veh
3  VehDef\aim9d.veh
3  VehDef\aim9e.veh
3  VehDef\aim9g.veh
3  VehDef\aim9h.veh
3  VehDef\aim9j.veh
3  VehDef\skyflsh.veh	
3  VehDef\agm119.veh
3  VehDef\mm38.veh
3  VehDef\am39.veh
3  VehDef\mm40.veh
3  VehDef\alarm.veh
3  VehDef\as37.veh
3  VehDef\aj168.veh
3  VehDef\as30.veh
3  VehDef\aim4e.veh	
3  VehDef\aim7e2.veh
3  VehDef\pyth3.veh
3  VehDef\derby.veh
3  VehDef\AAA4.veh
3  VehDef\aim4f.veh
3  VehDef\ssn20.veh
3  VehDef\agm12b.veh
3  VehDef\agm12c.veh
3  VehDef\agm84a.veh
3  VehDef\calcm.veh		
3  VehDef\as16.veh  
3  VehDef\as20.veh
3  VehDef\3m80.veh
3  VehDef\aim120c.veh
3  VehDef\as17a.veh
3  VehDef\slamer.veh
3  VehDef\at16.veh
3  VehDef\irist.veh
3  VehDef\micaem.veh
3  VehDef\micair.veh
3  VehDef\530s.veh
3  VehDef\550.veh
3  VehDef\apache.veh
3  VehDef\scalp.veh
3  VehDef\tank2kl.veh
3  VehDef\tank1-3kl.veh
 
