145
generic
1_f16
generic
generic
generic
5_mig21
6_mig23
7_mig25
8_mig31
9_hot_shot
10_a50
11_mistral
12_naval
13_ah64
generic
15_adats
16_ksam
17_e2
18_e3
19_f14
20_f18
21_gun_dish
22_f22
23_f4
24_f5
25_f4
26_long_track
27_hawk
28_nike
29_mig17_19
generic
generic
generic
generic
generic
generic
36_square_pair
37_patriot
generic
39_fan_song
40_low_blow
41_pat_hand
42_bar_lock
43_straight_flush
44_land_roll
45_spoon_rest
46_flap_lid
47_snap_shot
48_mig29A_G
generic
50_su15
51_flat_face
52_scrum_half
53_naval
54_naval
generic
56_naval
57_naval
generic
generic
generic
61_fire_can
62_f15
generic
generic
65_mig29M_S
generic
generic
generic
generic
generic
71_f4
72_f4
generic
generic
generic
generic
generic
generic
generic
generic
generic
generic
generic
84_f14
85_f14
86_f15
87_f16
generic
generic
generic
91_su17_20
92_su30
93_tu22
94_tu95
95_tu160
generic
97_fire_dome
98_chair_back
99_f4
100_f4
generic
102_amx
103_naval
104_naval
105_naval
106_naval
107_naval
108_naval
109_naval
110_naval
111_naval
112_f100
113_a4
114_mf1
115_m2000-5
generic
generic
generic
generic
120_m2000D_N
121_m2000c
122_naval
generic
generic
125_su22
126_mig21bis
127_su39
128_ef2000
129_mIII
130_g4
131_tornado
132_ja37
133_jas39
generic
generic
136_skyguard
137_m2000egm
138_f16
generic
140_f16
generic
generic
generic
144_f16